Mensagem 1 da Thread 1
Mensagem 1 da Thread 8
Mensagem 1 da Thread 4
Mensagem 1 da Thread 2
Mensagem 1 da Thread 5
Mensagem 1 da Thread 6
Mensagem 1 da Thread 9
Mensagem 1 da Thread 10
Mensagem 1 da Thread 7
Mensagem 1 da Thread 3
Mensagem 2 da Thread 4
Mensagem 2 da Thread 7
Mensagem 2 da Thread 9
Mensagem 2 da Thread 10
Mensagem 2 da Thread 3
Mensagem 2 da Thread 6
Mensagem 2 da Thread 2
Mensagem 2 da Thread 1
Mensagem 2 da Thread 5
Mensagem 2 da Thread 8
Mensagem 3 da Thread 6
Mensagem 3 da Thread 2
Mensagem 3 da Thread 1
Mensagem 3 da Thread 5
Mensagem 3 da Thread 3
Mensagem 3 da Thread 10
Mensagem 3 da Thread 7
Mensagem 3 da Thread 4
Mensagem 3 da Thread 9
Mensagem 3 da Thread 8
Mensagem 4 da Thread 7
Mensagem 4 da Thread 4
Mensagem 4 da Thread 3
Mensagem 4 da Thread 9
Mensagem 4 da Thread 10
Mensagem 4 da Thread 5
Mensagem 4 da Thread 1
Mensagem 4 da Thread 6
Mensagem 4 da Thread 2
Mensagem 4 da Thread 8
Mensagem 5 da Thread 9
Mensagem 5 da Thread 6
Mensagem 5 da Thread 5
Mensagem 5 da Thread 2
Mensagem 5 da Thread 10
Mensagem 5 da Thread 1
Mensagem 5 da Thread 8
Mensagem 5 da Thread 7
Mensagem 5 da Thread 3
Mensagem 5 da Thread 4
Mensagem 6 da Thread 10
Mensagem 6 da Thread 4
Mensagem 6 da Thread 5
Mensagem 6 da Thread 1
Mensagem 6 da Thread 2
Mensagem 6 da Thread 9
Mensagem 6 da Thread 6
Mensagem 6 da Thread 7
Mensagem 6 da Thread 3
Mensagem 6 da Thread 8
Mensagem 7 da Thread 5
Mensagem 7 da Thread 10
Mensagem 7 da Thread 6
Mensagem 7 da Thread 9
Mensagem 7 da Thread 2
Mensagem 7 da Thread 1
Mensagem 7 da Thread 8
Mensagem 7 da Thread 7
Mensagem 7 da Thread 3
Mensagem 7 da Thread 4
Mensagem 8 da Thread 5
Mensagem 8 da Thread 7
Mensagem 8 da Thread 10
Mensagem 8 da Thread 1
Mensagem 8 da Thread 2
Mensagem 8 da Thread 9
Mensagem 8 da Thread 6
Mensagem 8 da Thread 3
Mensagem 8 da Thread 4
Mensagem 8 da Thread 8
Mensagem 9 da Thread 10
Mensagem 9 da Thread 5
Mensagem 9 da Thread 1
Mensagem 9 da Thread 2
Mensagem 9 da Thread 9
Mensagem 9 da Thread 6
Mensagem 9 da Thread 7
Mensagem 9 da Thread 3
Mensagem 9 da Thread 4
Mensagem 9 da Thread 8
Mensagem 10 da Thread 10
Mensagem 10 da Thread 5
Mensagem 10 da Thread 6
Mensagem 10 da Thread 9
Mensagem 10 da Thread 2
Mensagem 10 da Thread 1
Mensagem 10 da Thread 3
Mensagem 10 da Thread 7
Mensagem 10 da Thread 4
Mensagem 10 da Thread 8
Mensagem 11 da Thread 3
Mensagem 11 da Thread 7
Mensagem 11 da Thread 10
Mensagem 11 da Thread 5
Mensagem 11 da Thread 1
Mensagem 11 da Thread 2
Mensagem 11 da Thread 9
Mensagem 11 da Thread 6
Mensagem 11 da Thread 8
Mensagem 11 da Thread 4
Mensagem 12 da Thread 7
Mensagem 12 da Thread 3
Mensagem 12 da Thread 8
Mensagem 12 da Thread 4
Mensagem 12 da Thread 5
Mensagem 12 da Thread 10
Mensagem 12 da Thread 2
Mensagem 12 da Thread 9
Mensagem 12 da Thread 6
Mensagem 12 da Thread 1
Mensagem 13 da Thread 7
Mensagem 13 da Thread 10
Mensagem 13 da Thread 3
Mensagem 13 da Thread 5
Mensagem 13 da Thread 9
Mensagem 13 da Thread 6
Mensagem 13 da Thread 1
Mensagem 13 da Thread 2
Mensagem 13 da Thread 4
Mensagem 13 da Thread 8
Mensagem 14 da Thread 7
Mensagem 14 da Thread 3
Mensagem 14 da Thread 4
Mensagem 14 da Thread 10
Mensagem 14 da Thread 5
Mensagem 14 da Thread 8
Mensagem 14 da Thread 9
Mensagem 14 da Thread 6
Mensagem 14 da Thread 1
Mensagem 14 da Thread 2
Mensagem 15 da Thread 5
Mensagem 15 da Thread 10
Mensagem 15 da Thread 6
Mensagem 15 da Thread 9
Mensagem 15 da Thread 1
Mensagem 15 da Thread 2
Mensagem 15 da Thread 3
Mensagem 15 da Thread 7
Mensagem 15 da Thread 8
Mensagem 15 da Thread 4
Mensagem 16 da Thread 4
Mensagem 16 da Thread 8
Mensagem 16 da Thread 2
Mensagem 16 da Thread 7
Mensagem 16 da Thread 3
Mensagem 16 da Thread 1
Mensagem 16 da Thread 9
Mensagem 16 da Thread 6
Mensagem 16 da Thread 5
Mensagem 16 da Thread 10
Mensagem 17 da Thread 7
Mensagem 17 da Thread 8
Mensagem 17 da Thread 4
Mensagem 17 da Thread 9
Mensagem 17 da Thread 5
Mensagem 17 da Thread 10
Mensagem 17 da Thread 2
Mensagem 17 da Thread 1
Mensagem 17 da Thread 6
Mensagem 17 da Thread 3
Mensagem 18 da Thread 5
Mensagem 18 da Thread 9
Mensagem 18 da Thread 6
Mensagem 18 da Thread 3
Mensagem 18 da Thread 1
Mensagem 18 da Thread 10
Mensagem 18 da Thread 4
Mensagem 18 da Thread 8
Mensagem 18 da Thread 2
Mensagem 18 da Thread 7
Mensagem 19 da Thread 3
Mensagem 19 da Thread 10
Mensagem 19 da Thread 7
Mensagem 19 da Thread 8
Mensagem 19 da Thread 2
Mensagem 19 da Thread 4
Mensagem 19 da Thread 6
Mensagem 19 da Thread 1
Mensagem 19 da Thread 9
Mensagem 19 da Thread 5
Mensagem 20 da Thread 3
Mensagem 20 da Thread 7
Mensagem 20 da Thread 1
Mensagem 20 da Thread 10
Mensagem 20 da Thread 9
Mensagem 20 da Thread 6
Mensagem 20 da Thread 5
Mensagem 20 da Thread 2
Mensagem 20 da Thread 4
Mensagem 20 da Thread 8
Mensagem 21 da Thread 1
Mensagem 21 da Thread 9
Mensagem 21 da Thread 3
Mensagem 21 da Thread 10
Mensagem 21 da Thread 6
Mensagem 21 da Thread 2
Mensagem 21 da Thread 8
Mensagem 21 da Thread 5
Mensagem 21 da Thread 4
Mensagem 21 da Thread 7
Mensagem 22 da Thread 6
Mensagem 22 da Thread 5
Mensagem 22 da Thread 2
Mensagem 22 da Thread 10
Mensagem 22 da Thread 9
Mensagem 22 da Thread 8
Mensagem 22 da Thread 3
Mensagem 22 da Thread 1
Mensagem 22 da Thread 7
Mensagem 22 da Thread 4
Mensagem 23 da Thread 7
Mensagem 23 da Thread 3
Mensagem 23 da Thread 8
Mensagem 23 da Thread 1
Mensagem 23 da Thread 2
Mensagem 23 da Thread 10
Mensagem 23 da Thread 5
Mensagem 23 da Thread 4
Mensagem 23 da Thread 6
Mensagem 23 da Thread 9
Mensagem 24 da Thread 3
Mensagem 24 da Thread 9
Mensagem 24 da Thread 5
Mensagem 24 da Thread 8
Mensagem 24 da Thread 6
Mensagem 24 da Thread 10
Mensagem 24 da Thread 2
Mensagem 24 da Thread 1
Mensagem 24 da Thread 4
Mensagem 24 da Thread 7
Mensagem 25 da Thread 7
Mensagem 25 da Thread 3
Mensagem 25 da Thread 2
Mensagem 25 da Thread 8
Mensagem 25 da Thread 6
Mensagem 25 da Thread 9
Mensagem 25 da Thread 5
Mensagem 25 da Thread 1
Mensagem 25 da Thread 4
Mensagem 25 da Thread 10
Mensagem 26 da Thread 8
Mensagem 26 da Thread 4
Mensagem 26 da Thread 6
Mensagem 26 da Thread 3
Mensagem 26 da Thread 10
Mensagem 26 da Thread 5
Mensagem 26 da Thread 7
Mensagem 26 da Thread 2
Mensagem 26 da Thread 9
Mensagem 26 da Thread 1
Mensagem 27 da Thread 1
Mensagem 27 da Thread 10
Mensagem 27 da Thread 5
Mensagem 27 da Thread 3
Mensagem 27 da Thread 7
Mensagem 27 da Thread 6
Mensagem 27 da Thread 8
Mensagem 27 da Thread 4
Mensagem 27 da Thread 9
Mensagem 27 da Thread 2
Mensagem 28 da Thread 6
Mensagem 28 da Thread 9
Mensagem 28 da Thread 7
Mensagem 28 da Thread 5
Mensagem 28 da Thread 1
Mensagem 28 da Thread 3
Mensagem 28 da Thread 2
Mensagem 28 da Thread 4
Mensagem 28 da Thread 10
Mensagem 28 da Thread 8
Mensagem 29 da Thread 10
Mensagem 29 da Thread 8
Mensagem 29 da Thread 6
Mensagem 29 da Thread 1
Mensagem 29 da Thread 4
Mensagem 29 da Thread 2
Mensagem 29 da Thread 3
Mensagem 29 da Thread 5
Mensagem 29 da Thread 9
Mensagem 29 da Thread 7
Mensagem 30 da Thread 5
Mensagem 30 da Thread 1
Mensagem 30 da Thread 7
Mensagem 30 da Thread 9
Mensagem 30 da Thread 2
Mensagem 30 da Thread 10
Mensagem 30 da Thread 3
Mensagem 30 da Thread 6
Mensagem 30 da Thread 4
Mensagem 30 da Thread 8
Mensagem 31 da Thread 3
Mensagem 31 da Thread 8
Mensagem 31 da Thread 4
Mensagem 31 da Thread 7
Mensagem 31 da Thread 5
Mensagem 31 da Thread 1
Mensagem 31 da Thread 2
Mensagem 31 da Thread 10
Mensagem 31 da Thread 9
Mensagem 31 da Thread 6
Mensagem 32 da Thread 2
Mensagem 32 da Thread 4
Mensagem 32 da Thread 3
Mensagem 32 da Thread 7
Mensagem 32 da Thread 8
Mensagem 32 da Thread 1
Mensagem 32 da Thread 9
Mensagem 32 da Thread 6
Mensagem 32 da Thread 10
Mensagem 32 da Thread 5
Mensagem 33 da Thread 1
Mensagem 33 da Thread 9
Mensagem 33 da Thread 4
Mensagem 33 da Thread 10
Mensagem 33 da Thread 6
Mensagem 33 da Thread 3
Mensagem 33 da Thread 2
Mensagem 33 da Thread 5
Mensagem 33 da Thread 7
Mensagem 33 da Thread 8
Mensagem 34 da Thread 3
Mensagem 34 da Thread 8
Mensagem 34 da Thread 4
Mensagem 34 da Thread 7
Mensagem 34 da Thread 2
Mensagem 34 da Thread 6
Mensagem 34 da Thread 10
Mensagem 34 da Thread 5
Mensagem 34 da Thread 1
Mensagem 34 da Thread 9
Mensagem 35 da Thread 3
Mensagem 35 da Thread 5
Mensagem 35 da Thread 7
Mensagem 35 da Thread 9
Mensagem 35 da Thread 10
Mensagem 35 da Thread 1
Mensagem 35 da Thread 4
Mensagem 35 da Thread 8
Mensagem 35 da Thread 2
Mensagem 35 da Thread 6
Mensagem 36 da Thread 5
Mensagem 36 da Thread 3
Mensagem 36 da Thread 10
Mensagem 36 da Thread 2
Mensagem 36 da Thread 4
Mensagem 36 da Thread 1
Mensagem 36 da Thread 6
Mensagem 36 da Thread 8
Mensagem 36 da Thread 7
Mensagem 36 da Thread 9
Mensagem 37 da Thread 4
Mensagem 37 da Thread 7
Mensagem 37 da Thread 8
Mensagem 37 da Thread 3
Mensagem 37 da Thread 9
Mensagem 37 da Thread 1
Mensagem 37 da Thread 2
Mensagem 37 da Thread 10
Mensagem 37 da Thread 6
Mensagem 37 da Thread 5
Mensagem 38 da Thread 6
Mensagem 38 da Thread 5
Mensagem 38 da Thread 7
Mensagem 38 da Thread 9
Mensagem 38 da Thread 8
Mensagem 38 da Thread 1
Mensagem 38 da Thread 2
Mensagem 38 da Thread 3
Mensagem 38 da Thread 10
Mensagem 38 da Thread 4
Mensagem 39 da Thread 2
Mensagem 39 da Thread 1
Mensagem 39 da Thread 3
Mensagem 39 da Thread 10
Mensagem 39 da Thread 6
Mensagem 39 da Thread 9
Mensagem 39 da Thread 5
Mensagem 39 da Thread 8
Mensagem 39 da Thread 4
Mensagem 39 da Thread 7
Mensagem 40 da Thread 8
Mensagem 40 da Thread 10
Mensagem 40 da Thread 4
Mensagem 40 da Thread 2
Mensagem 40 da Thread 5
Mensagem 40 da Thread 6
Mensagem 40 da Thread 7
Mensagem 40 da Thread 9
Mensagem 40 da Thread 1
Mensagem 40 da Thread 3
Mensagem 41 da Thread 5
Mensagem 41 da Thread 9
Mensagem 41 da Thread 1
Mensagem 41 da Thread 2
Mensagem 41 da Thread 6
Mensagem 41 da Thread 10
Mensagem 41 da Thread 7
Mensagem 41 da Thread 3
Mensagem 41 da Thread 4
Mensagem 41 da Thread 8
Mensagem 42 da Thread 9
Mensagem 42 da Thread 4
Mensagem 42 da Thread 5
Mensagem 42 da Thread 6
Mensagem 42 da Thread 1
Mensagem 42 da Thread 2
Mensagem 42 da Thread 10
Mensagem 42 da Thread 7
Mensagem 42 da Thread 8
Mensagem 42 da Thread 3
Mensagem 43 da Thread 1
Mensagem 43 da Thread 5
Mensagem 43 da Thread 10
Mensagem 43 da Thread 2
Mensagem 43 da Thread 6
Mensagem 43 da Thread 9
Mensagem 43 da Thread 8
Mensagem 43 da Thread 3
Mensagem 43 da Thread 7
Mensagem 43 da Thread 4
Mensagem 44 da Thread 8
Mensagem 44 da Thread 5
Mensagem 44 da Thread 10
Mensagem 44 da Thread 2
Mensagem 44 da Thread 6
Mensagem 44 da Thread 9
Mensagem 44 da Thread 1
Mensagem 44 da Thread 3
Mensagem 44 da Thread 7
Mensagem 44 da Thread 4
Mensagem 45 da Thread 5
Mensagem 45 da Thread 1
Mensagem 45 da Thread 9
Mensagem 45 da Thread 10
Mensagem 45 da Thread 2
Mensagem 45 da Thread 8
Mensagem 45 da Thread 6
Mensagem 45 da Thread 4
Mensagem 45 da Thread 3
Mensagem 45 da Thread 7
Mensagem 46 da Thread 4
Mensagem 46 da Thread 5
Mensagem 46 da Thread 2
Mensagem 46 da Thread 6
Mensagem 46 da Thread 7
Mensagem 46 da Thread 10
Mensagem 46 da Thread 9
Mensagem 46 da Thread 3
Mensagem 46 da Thread 8
Mensagem 46 da Thread 1
Mensagem 47 da Thread 2
Mensagem 47 da Thread 5
Mensagem 47 da Thread 9
Mensagem 47 da Thread 4
Mensagem 47 da Thread 10
Mensagem 47 da Thread 3
Mensagem 47 da Thread 1
Mensagem 47 da Thread 6
Mensagem 47 da Thread 7
Mensagem 47 da Thread 8
Mensagem 48 da Thread 6
Mensagem 48 da Thread 2
Mensagem 48 da Thread 4
Mensagem 48 da Thread 1
Mensagem 48 da Thread 5
Mensagem 48 da Thread 9
Mensagem 48 da Thread 7
Mensagem 48 da Thread 10
Mensagem 48 da Thread 3
Mensagem 48 da Thread 8
Mensagem 49 da Thread 5
Mensagem 49 da Thread 4
Mensagem 49 da Thread 7
Mensagem 49 da Thread 6
Mensagem 49 da Thread 2
Mensagem 49 da Thread 10
Mensagem 49 da Thread 1
Mensagem 49 da Thread 9
Mensagem 49 da Thread 3
Mensagem 49 da Thread 8
Mensagem 50 da Thread 4
Mensagem 50 da Thread 5
Mensagem 50 da Thread 7
Mensagem 50 da Thread 6
Mensagem 50 da Thread 10
Mensagem 50 da Thread 2
Mensagem 50 da Thread 9
Mensagem 50 da Thread 1
Mensagem 50 da Thread 3
Mensagem 50 da Thread 8
Mensagem 51 da Thread 7
Mensagem 51 da Thread 1
Mensagem 51 da Thread 4
Mensagem 51 da Thread 5
Mensagem 51 da Thread 6
Mensagem 51 da Thread 10
Mensagem 51 da Thread 2
Mensagem 51 da Thread 9
Mensagem 51 da Thread 3
Mensagem 51 da Thread 8
Mensagem 52 da Thread 8
Mensagem 52 da Thread 4
Mensagem 52 da Thread 7
Mensagem 52 da Thread 10
Mensagem 52 da Thread 5
Mensagem 52 da Thread 6
Mensagem 52 da Thread 2
Mensagem 52 da Thread 1
Mensagem 52 da Thread 3
Mensagem 52 da Thread 9
Mensagem 53 da Thread 8
Mensagem 53 da Thread 5
Mensagem 53 da Thread 2
Mensagem 53 da Thread 7
Mensagem 53 da Thread 9
Mensagem 53 da Thread 4
Mensagem 53 da Thread 3
Mensagem 53 da Thread 1
Mensagem 53 da Thread 6
Mensagem 53 da Thread 10
Mensagem 54 da Thread 8
Mensagem 54 da Thread 7
Mensagem 54 da Thread 4
Mensagem 54 da Thread 6
Mensagem 54 da Thread 3
Mensagem 54 da Thread 2
Mensagem 54 da Thread 9
Mensagem 54 da Thread 5
Mensagem 54 da Thread 10
Mensagem 54 da Thread 1
Mensagem 55 da Thread 6
Mensagem 55 da Thread 5
Mensagem 55 da Thread 9
Mensagem 55 da Thread 2
Mensagem 55 da Thread 4
Mensagem 55 da Thread 10
Mensagem 55 da Thread 1
Mensagem 55 da Thread 7
Mensagem 55 da Thread 3
Mensagem 55 da Thread 8
Mensagem 56 da Thread 1
Mensagem 56 da Thread 10
Mensagem 56 da Thread 2
Mensagem 56 da Thread 9
Mensagem 56 da Thread 5
Mensagem 56 da Thread 6
Mensagem 56 da Thread 3
Mensagem 56 da Thread 7
Mensagem 56 da Thread 8
Mensagem 56 da Thread 4
Mensagem 57 da Thread 8
Mensagem 57 da Thread 4
Mensagem 57 da Thread 7
Mensagem 57 da Thread 3
Mensagem 57 da Thread 10
Mensagem 57 da Thread 1
Mensagem 57 da Thread 9
Mensagem 57 da Thread 5
Mensagem 57 da Thread 2
Mensagem 57 da Thread 6
Mensagem 58 da Thread 4
Mensagem 58 da Thread 3
Mensagem 58 da Thread 10
Mensagem 58 da Thread 1
Mensagem 58 da Thread 8
Mensagem 58 da Thread 7
Mensagem 58 da Thread 5
Mensagem 58 da Thread 9
Mensagem 58 da Thread 6
Mensagem 58 da Thread 2
Mensagem 59 da Thread 4
Mensagem 59 da Thread 10
Mensagem 59 da Thread 8
Mensagem 59 da Thread 2
Mensagem 59 da Thread 6
Mensagem 59 da Thread 5
Mensagem 59 da Thread 9
Mensagem 59 da Thread 3
Mensagem 59 da Thread 7
Mensagem 59 da Thread 1
Mensagem 60 da Thread 1
Mensagem 60 da Thread 8
Mensagem 60 da Thread 3
Mensagem 60 da Thread 4
Mensagem 60 da Thread 10
Mensagem 60 da Thread 7
Mensagem 60 da Thread 9
Mensagem 60 da Thread 5
Mensagem 60 da Thread 2
Mensagem 60 da Thread 6
Mensagem 61 da Thread 3
Mensagem 61 da Thread 4
Mensagem 61 da Thread 1
Mensagem 61 da Thread 7
Mensagem 61 da Thread 8
Mensagem 61 da Thread 6
Mensagem 61 da Thread 9
Mensagem 61 da Thread 10
Mensagem 61 da Thread 2
Mensagem 61 da Thread 5
Mensagem 62 da Thread 8
Mensagem 62 da Thread 3
Mensagem 62 da Thread 4
Mensagem 62 da Thread 7
Mensagem 62 da Thread 1
Mensagem 62 da Thread 10
Mensagem 62 da Thread 2
Mensagem 62 da Thread 5
Mensagem 62 da Thread 9
Mensagem 62 da Thread 6
Mensagem 63 da Thread 7
Mensagem 63 da Thread 8
Mensagem 63 da Thread 3
Mensagem 63 da Thread 1
Mensagem 63 da Thread 4
Mensagem 63 da Thread 2
Mensagem 63 da Thread 6
Mensagem 63 da Thread 9
Mensagem 63 da Thread 5
Mensagem 63 da Thread 10
Mensagem 64 da Thread 8
Mensagem 64 da Thread 4
Mensagem 64 da Thread 10
Mensagem 64 da Thread 1
Mensagem 64 da Thread 7
Mensagem 64 da Thread 3
Mensagem 64 da Thread 6
Mensagem 64 da Thread 2
Mensagem 64 da Thread 5
Mensagem 64 da Thread 9
Mensagem 65 da Thread 3
Mensagem 65 da Thread 10
Mensagem 65 da Thread 1
Mensagem 65 da Thread 9
Mensagem 65 da Thread 7
Mensagem 65 da Thread 5
Mensagem 65 da Thread 4
Mensagem 65 da Thread 8
Mensagem 65 da Thread 2
Mensagem 65 da Thread 6
Mensagem 66 da Thread 8
Mensagem 66 da Thread 2
Mensagem 66 da Thread 6
Mensagem 66 da Thread 5
Mensagem 66 da Thread 9
Mensagem 66 da Thread 1
Mensagem 66 da Thread 10
Mensagem 66 da Thread 7
Mensagem 66 da Thread 3
Mensagem 66 da Thread 4
Mensagem 67 da Thread 10
Mensagem 67 da Thread 3
Mensagem 67 da Thread 7
Mensagem 67 da Thread 4
Mensagem 67 da Thread 1
Mensagem 67 da Thread 8
Mensagem 67 da Thread 5
Mensagem 67 da Thread 6
Mensagem 67 da Thread 2
Mensagem 67 da Thread 9
Mensagem 68 da Thread 4
Mensagem 68 da Thread 9
Mensagem 68 da Thread 8
Mensagem 68 da Thread 10
Mensagem 68 da Thread 1
Mensagem 68 da Thread 2
Mensagem 68 da Thread 7
Mensagem 68 da Thread 3
Mensagem 68 da Thread 6
Mensagem 68 da Thread 5
Mensagem 69 da Thread 5
Mensagem 69 da Thread 4
Mensagem 69 da Thread 7
Mensagem 69 da Thread 10
Mensagem 69 da Thread 8
Mensagem 69 da Thread 3
Mensagem 69 da Thread 2
Mensagem 69 da Thread 9
Mensagem 69 da Thread 1
Mensagem 69 da Thread 6
Mensagem 70 da Thread 3
Mensagem 70 da Thread 5
Mensagem 70 da Thread 8
Mensagem 70 da Thread 6
Mensagem 70 da Thread 7
Mensagem 70 da Thread 4
Mensagem 70 da Thread 1
Mensagem 70 da Thread 9
Mensagem 70 da Thread 2
Mensagem 70 da Thread 10
Mensagem 71 da Thread 9
Mensagem 71 da Thread 3
Mensagem 71 da Thread 8
Mensagem 71 da Thread 2
Mensagem 71 da Thread 5
Mensagem 71 da Thread 1
Mensagem 71 da Thread 10
Mensagem 71 da Thread 6
Mensagem 71 da Thread 7
Mensagem 71 da Thread 4
Mensagem 72 da Thread 8
Mensagem 72 da Thread 4
Mensagem 72 da Thread 3
Mensagem 72 da Thread 9
Mensagem 72 da Thread 6
Mensagem 72 da Thread 10
Mensagem 72 da Thread 5
Mensagem 72 da Thread 1
Mensagem 72 da Thread 2
Mensagem 72 da Thread 7
Mensagem 73 da Thread 4
Mensagem 73 da Thread 3
Mensagem 73 da Thread 7
Mensagem 73 da Thread 9
Mensagem 73 da Thread 8
Mensagem 73 da Thread 5
Mensagem 73 da Thread 2
Mensagem 73 da Thread 1
Mensagem 73 da Thread 10
Mensagem 73 da Thread 6
Mensagem 74 da Thread 5
Mensagem 74 da Thread 9
Mensagem 74 da Thread 8
Mensagem 74 da Thread 10
Mensagem 74 da Thread 3
Mensagem 74 da Thread 1
Mensagem 74 da Thread 4
Mensagem 74 da Thread 7
Mensagem 74 da Thread 2
Mensagem 74 da Thread 6
Mensagem 75 da Thread 8
Mensagem 75 da Thread 3
Mensagem 75 da Thread 4
Mensagem 75 da Thread 6
Mensagem 75 da Thread 2
Mensagem 75 da Thread 9
Mensagem 75 da Thread 7
Mensagem 75 da Thread 5
Mensagem 75 da Thread 1
Mensagem 75 da Thread 10
Mensagem 76 da Thread 4
Mensagem 76 da Thread 5
Mensagem 76 da Thread 3
Mensagem 76 da Thread 2
Mensagem 76 da Thread 6
Mensagem 76 da Thread 9
Mensagem 76 da Thread 8
Mensagem 76 da Thread 1
Mensagem 76 da Thread 7
Mensagem 76 da Thread 10
Mensagem 77 da Thread 6
Mensagem 77 da Thread 5
Mensagem 77 da Thread 9
Mensagem 77 da Thread 1
Mensagem 77 da Thread 2
Mensagem 77 da Thread 10
Mensagem 77 da Thread 8
Mensagem 77 da Thread 4
Mensagem 77 da Thread 3
Mensagem 77 da Thread 7
Mensagem 78 da Thread 5
Mensagem 78 da Thread 9
Mensagem 78 da Thread 6
Mensagem 78 da Thread 2
Mensagem 78 da Thread 1
Mensagem 78 da Thread 10
Mensagem 78 da Thread 3
Mensagem 78 da Thread 4
Mensagem 78 da Thread 8
Mensagem 78 da Thread 7
Mensagem 79 da Thread 6
Mensagem 79 da Thread 1
Mensagem 79 da Thread 9
Mensagem 79 da Thread 2
Mensagem 79 da Thread 10
Mensagem 79 da Thread 3
Mensagem 79 da Thread 4
Mensagem 79 da Thread 8
Mensagem 79 da Thread 5
Mensagem 79 da Thread 7
Mensagem 80 da Thread 2
Mensagem 80 da Thread 7
Mensagem 80 da Thread 9
Mensagem 80 da Thread 5
Mensagem 80 da Thread 6
Mensagem 80 da Thread 10
Mensagem 80 da Thread 1
Mensagem 80 da Thread 4
Mensagem 80 da Thread 8
Mensagem 80 da Thread 3
Mensagem 81 da Thread 8
Mensagem 81 da Thread 2
Mensagem 81 da Thread 5
Mensagem 81 da Thread 4
Mensagem 81 da Thread 6
Mensagem 81 da Thread 3
Mensagem 81 da Thread 9
Mensagem 81 da Thread 10
Mensagem 81 da Thread 7
Mensagem 81 da Thread 1
Mensagem 82 da Thread 7
Mensagem 82 da Thread 2
Mensagem 82 da Thread 3
Mensagem 82 da Thread 1
Mensagem 82 da Thread 9
Mensagem 82 da Thread 5
Mensagem 82 da Thread 10
Mensagem 82 da Thread 4
Mensagem 82 da Thread 8
Mensagem 82 da Thread 6
Mensagem 83 da Thread 2
Mensagem 83 da Thread 6
Mensagem 83 da Thread 8
Mensagem 83 da Thread 1
Mensagem 83 da Thread 9
Mensagem 83 da Thread 7
Mensagem 83 da Thread 5
Mensagem 83 da Thread 3
Mensagem 83 da Thread 4
Mensagem 83 da Thread 10
Mensagem 84 da Thread 1
Mensagem 84 da Thread 6
Mensagem 84 da Thread 9
Mensagem 84 da Thread 5
Mensagem 84 da Thread 2
Mensagem 84 da Thread 7
Mensagem 84 da Thread 4
Mensagem 84 da Thread 8
Mensagem 84 da Thread 10
Mensagem 84 da Thread 3
Mensagem 85 da Thread 2
Mensagem 85 da Thread 10
Mensagem 85 da Thread 7
Mensagem 85 da Thread 3
Mensagem 85 da Thread 8
Mensagem 85 da Thread 4
Mensagem 85 da Thread 9
Mensagem 85 da Thread 5
Mensagem 85 da Thread 1
Mensagem 85 da Thread 6
Mensagem 86 da Thread 4
Mensagem 86 da Thread 3
Mensagem 86 da Thread 2
Mensagem 86 da Thread 1
Mensagem 86 da Thread 7
Mensagem 86 da Thread 9
Mensagem 86 da Thread 10
Mensagem 86 da Thread 5
Mensagem 86 da Thread 6
Mensagem 86 da Thread 8
Mensagem 87 da Thread 7
Mensagem 87 da Thread 5
Mensagem 87 da Thread 6
Mensagem 87 da Thread 9
Mensagem 87 da Thread 3
Mensagem 87 da Thread 4
Mensagem 87 da Thread 10
Mensagem 87 da Thread 8
Mensagem 87 da Thread 2
Mensagem 87 da Thread 1
Mensagem 88 da Thread 1
Mensagem 88 da Thread 4
Mensagem 88 da Thread 7
Mensagem 88 da Thread 3
Mensagem 88 da Thread 8
Mensagem 88 da Thread 10
Mensagem 88 da Thread 6
Mensagem 88 da Thread 5
Mensagem 88 da Thread 2
Mensagem 88 da Thread 9
Mensagem 89 da Thread 1
Mensagem 89 da Thread 6
Mensagem 89 da Thread 4
Mensagem 89 da Thread 5
Mensagem 89 da Thread 2
Mensagem 89 da Thread 10
Mensagem 89 da Thread 9
Mensagem 89 da Thread 7
Mensagem 89 da Thread 8
Mensagem 89 da Thread 3
Mensagem 90 da Thread 9
Mensagem 90 da Thread 2
Mensagem 90 da Thread 3
Mensagem 90 da Thread 10
Mensagem 90 da Thread 7
Mensagem 90 da Thread 8
Mensagem 90 da Thread 5
Mensagem 90 da Thread 4
Mensagem 90 da Thread 1
Mensagem 90 da Thread 6
Mensagem 91 da Thread 1
Mensagem 91 da Thread 4
Mensagem 91 da Thread 7
Mensagem 91 da Thread 5
Mensagem 91 da Thread 2
Mensagem 91 da Thread 9
Mensagem 91 da Thread 8
Mensagem 91 da Thread 6
Mensagem 91 da Thread 10
Mensagem 91 da Thread 3
Mensagem 92 da Thread 10
Mensagem 92 da Thread 3
Mensagem 92 da Thread 2
Mensagem 92 da Thread 7
Mensagem 92 da Thread 6
Mensagem 92 da Thread 9
Mensagem 92 da Thread 8
Mensagem 92 da Thread 1
Mensagem 92 da Thread 4
Mensagem 92 da Thread 5
Mensagem 93 da Thread 5
Mensagem 93 da Thread 1
Mensagem 93 da Thread 6
Mensagem 93 da Thread 9
Mensagem 93 da Thread 2
Mensagem 93 da Thread 10
Mensagem 93 da Thread 7
Mensagem 93 da Thread 4
Mensagem 93 da Thread 8
Mensagem 93 da Thread 3
Mensagem 94 da Thread 6
Mensagem 94 da Thread 1
Mensagem 94 da Thread 9
Mensagem 94 da Thread 4
Mensagem 94 da Thread 7
Mensagem 94 da Thread 3
Mensagem 94 da Thread 5
Mensagem 94 da Thread 2
Mensagem 94 da Thread 10
Mensagem 94 da Thread 8
Mensagem 95 da Thread 10
Mensagem 95 da Thread 3
Mensagem 95 da Thread 8
Mensagem 95 da Thread 2
Mensagem 95 da Thread 5
Mensagem 95 da Thread 7
Mensagem 95 da Thread 6
Mensagem 95 da Thread 1
Mensagem 95 da Thread 9
Mensagem 95 da Thread 4
Mensagem 96 da Thread 4
Mensagem 96 da Thread 2
Mensagem 96 da Thread 8
Mensagem 96 da Thread 3
Mensagem 96 da Thread 9
Mensagem 96 da Thread 10
Mensagem 96 da Thread 6
Mensagem 96 da Thread 5
Mensagem 96 da Thread 7
Mensagem 96 da Thread 1
Mensagem 97 da Thread 1
Mensagem 97 da Thread 9
Mensagem 97 da Thread 7
Mensagem 97 da Thread 2
Mensagem 97 da Thread 10
Mensagem 97 da Thread 5
Mensagem 97 da Thread 6
Mensagem 97 da Thread 4
Mensagem 97 da Thread 3
Mensagem 97 da Thread 8
Mensagem 98 da Thread 4
Mensagem 98 da Thread 9
Mensagem 98 da Thread 7
Mensagem 98 da Thread 1
Mensagem 98 da Thread 8
Mensagem 98 da Thread 6
Mensagem 98 da Thread 3
Mensagem 98 da Thread 10
Mensagem 98 da Thread 5
Mensagem 98 da Thread 2
Mensagem 99 da Thread 9
Mensagem 99 da Thread 1
Mensagem 99 da Thread 3
Mensagem 99 da Thread 2
Mensagem 99 da Thread 10
Mensagem 99 da Thread 4
Mensagem 99 da Thread 8
Mensagem 99 da Thread 6
Mensagem 99 da Thread 7
Mensagem 99 da Thread 5
Mensagem 100 da Thread 4
Mensagem 100 da Thread 8
Mensagem 100 da Thread 9
Mensagem 100 da Thread 5
Mensagem 100 da Thread 6
Mensagem 100 da Thread 3
Mensagem 100 da Thread 2
Mensagem 100 da Thread 7
Mensagem 100 da Thread 1
Mensagem 100 da Thread 10
